
> social-media-frontend@1.0.0 build
> react-scripts build

node.exe : (node:2324) 
[DEP0176] 
DeprecationWarning: fs.F_OK 
is deprecated, use 
fs.constants.F_OK instead
At line:1 char:1
+ & "C:\Program 
Files\nodejs/node.exe" 
"C:\Program 
Files\nodejs/node_mo ...
+ ~~~~~~~~~~~~~~~~~~~~~~~~~~~
~~~~~~~~~~~~~~~~~~~~~~~~~~~~~
~~~~~~~~~~~~~
    + CategoryInfo           
   : NotSpecified: ((    
node:2324) [DE...ts.F    _OK 
instead:String) [    ], 
RemoteException
    + FullyQualifiedError    
Id : NativeCommandErr    or
 
(Use `node 
--trace-deprecation ...` to 
show where the warning was 
created)
Creating an optimized production build...
Failed to compile.

Module not found: Error: Can't resolve 'theme' in 'C:\Users\Admin\vs code\Connects2.0\frontend\src'
Did you mean './theme'?
Requests that should resolve in the current directory need to start with './'.
Requests that start with a name are treated as module requests and resolve within module directories (node_modules, C:\Users\Admin\vs code\Connects2.0\frontend\node_modules).
If changing the source code is not an option there is also a resolve options called 'preferRelative' which tries to resolve these kind of requests in the current directory too.


