
> social-media-frontend@1.0.0 build
> react-scripts build

node.exe : (node:11004) 
[DEP0176] 
DeprecationWarning: 
fs.F_OK is deprecated, 
use fs.constants.F_OK 
instead
At line:1 char:1
+ & "C:\Program 
Files\nodejs/node.exe" 
"C:\Program 
Files\nodejs/node_mo ...
+ ~~~~~~~~~~~~~~~~~~~~~~~~
~~~~~~~~~~~~~~~~~~~~~~~~~~
~~~~~~~~~~~~~~~~~~~
    + CategoryInfo        
      : NotSpeci    fied: 
((node:1100    4) 
[D...ts.F_OK i    
nstead:String) []    , 
RemoteException
    + FullyQualifiedE    
rrorId : NativeCo    
mmandError
 
(Use `node 
--trace-deprecation ...` 
to show where the warning 
was created)
Creating an optimized production build...
Failed to compile.

Module not found: Error: Can't resolve 'scenes/navbar' in 'C:\Users\Admin\vs code\Connects2.0\frontend\src\scenes\homePage'


