
> social-media-frontend@1.0.0 start
> react-scripts start

node.exe : (node:17304) [DEP0176] 
DeprecationWarning: fs.F_OK is deprecated, 
use fs.constants.F_OK instead
At line:1 char:1
+ & "C:\Program Files\nodejs/node.exe" 
"C:\Program Files\nodejs/node_mo ...
+ ~~~~~~~~~~~~~~~~~~~~~~~~~~~~~~~~~~~~~~~~~~
~~~~~~~~~~~~~~~~~~~~~~~~~~~
    + CategoryInfo          : NotSpecified: 
    ((node:17304) [D...ts.F_OK instead:Str  
  ing) [], RemoteException
    + FullyQualifiedErrorId : NativeCommand 
   Error
 
(Use `node --trace-deprecation ...` to show 
where the warning was created)
(node:17304) [DEP_WEBPACK_DEV_SERVER_ON_AFTE
R_SETUP_MIDDLEWARE] DeprecationWarning: 
'onAfterSetupMiddleware' option is 
deprecated. Please use the 
'setupMiddlewares' option.
(node:17304) [DEP_WEBPACK_DEV_SERVER_ON_BEFO
RE_SETUP_MIDDLEWARE] DeprecationWarning: 
'onBeforeSetupMiddleware' option is 
deprecated. Please use the 
'setupMiddlewares' option.
Starting the development server...

Compiled with warnings.

[eslint] 
src\App.js
  Line 1:10:  'useState' is defined but never used  no-unused-vars

Search for the keywords to learn more about each warning.
To ignore, add // eslint-disable-next-line to the line before.

[1m[33mWARNING[39m[22m in [1m[eslint] 
src\App.js
  Line 1:10:  'useState' is defined but never used  no-unused-vars

[39m[22m

webpack compiled with [1m[33m1 warning[39m[22m
